nucleo_stm32f767xx_gpio.c:13:6:gpio_LED_Green_init	32	static
nucleo_stm32f767xx_gpio.c:28:6:gpio_LED_Green_write	16	static
nucleo_stm32f767xx_gpio.c:35:6:gpio_LED_Green_toggle	8	static
nucleo_stm32f767xx_gpio.c:44:6:gpio_LED_Blue_init	32	static
nucleo_stm32f767xx_gpio.c:58:6:gpio_LED_Blue_write	16	static
nucleo_stm32f767xx_gpio.c:64:6:gpio_LED_Blue_toggle	8	static
nucleo_stm32f767xx_gpio.c:71:6:gpio_LED_Red_init	32	static
nucleo_stm32f767xx_gpio.c:85:6:gpio_LED_Red_write	16	static
nucleo_stm32f767xx_gpio.c:92:6:gpio_LED_Red_toggle	8	static
nucleo_stm32f767xx_gpio.c:101:6:gpio_BUTTON_init	32	static
nucleo_stm32f767xx_gpio.c:114:6:gpio_BUTTON_read_state	16	static
